<?xml version="1.0" encoding="UTF-8" ?>
<testsuites name="vitest tests" tests="20" failures="1" errors="0" time="0.20470209">
    <testsuite name="src/App.test.tsx" timestamp="2025-09-17T20:38:36.279Z" hostname="Davids-MacBook-Pro.local" tests="20" failures="1" errors="0" skipped="19" time="0.20470209">
        <testcase classname="src/App.test.tsx" name="App - Step 1: Basic Payment List &gt; should fetch and display payments in a table with page=1 and pageSize=5" time="0">
            <skipped/>
        </testcase>
        <testcase classname="src/App.test.tsx" name="App - Step 1: Basic Payment List &gt; should format amounts and dates using the formatters" time="0">
            <skipped/>
        </testcase>
        <testcase classname="src/App.test.tsx" name="App - Step 2: Search by Payment ID &gt; should have a search input for payment ID" time="0">
            <skipped/>
        </testcase>
        <testcase classname="src/App.test.tsx" name="App - Step 2: Search by Payment ID &gt; should have a search button" time="0">
            <skipped/>
        </testcase>
        <testcase classname="src/App.test.tsx" name="App - Step 2: Search by Payment ID &gt; should search for payments by payment ID" time="0">
            <skipped/>
        </testcase>
        <testcase classname="src/App.test.tsx" name="App - Step 3: Clear Filters &gt; should show clear filters button when search is active" time="0">
            <skipped/>
        </testcase>
        <testcase classname="src/App.test.tsx" name="App - Step 3: Clear Filters &gt; should clear all filters when clear button is clicked" time="0">
            <skipped/>
        </testcase>
        <testcase classname="src/App.test.tsx" name="App - Step 4: Handle Payment Not Found &gt; should display error message when payment ID is not found" time="0">
            <skipped/>
        </testcase>
        <testcase classname="src/App.test.tsx" name="App - Step 5: Handle Server Error &gt; should display error message when API returns 500" time="0">
            <skipped/>
        </testcase>
        <testcase classname="src/App.test.tsx" name="App - Step 6: Currency Filter &gt; should have a currency filter dropdown" time="0">
            <skipped/>
        </testcase>
        <testcase classname="src/App.test.tsx" name="App - Step 6: Currency Filter &gt; should filter payments by currency when selected" time="0">
            <skipped/>
        </testcase>
        <testcase classname="src/App.test.tsx" name="App - Step 6: Currency Filter &gt; should show all currencies in dropdown options" time="0">
            <skipped/>
        </testcase>
        <testcase classname="src/App.test.tsx" name="App - Step 6: Currency Filter &gt; should allow selecting currency options" time="0">
            <skipped/>
        </testcase>
        <testcase classname="src/App.test.tsx" name="App - Step 7: Combined Currency and Payment ID Filter &gt; should filter by both currency and payment ID" time="0.198083133">
            <system-out>
[90mundefined[39m

            </system-out>
            <failure message="Unable to find an accessible element with the role &quot;table&quot;

Here are the accessible roles:

  banner:

  Name &quot;&quot;:
  [36m&lt;header[39m
    [33mclass[39m=[32m&quot;bg-white shadow-sm&quot;[39m
  [36m/&gt;[39m

  --------------------------------------------------
  heading:

  Name &quot;Checkout.com&quot;:
  [36m&lt;h1[39m
    [33mclass[39m=[32m&quot;text-3xl font-bold text-gray-900&quot;[39m
  [36m/&gt;[39m

  Name &quot;All Payments&quot;:
  [36m&lt;h2[39m
    [33mclass[39m=[32m&quot;sc-hvigdm fBPVuT&quot;[39m
  [36m/&gt;[39m

  --------------------------------------------------
  main:

  Name &quot;&quot;:
  [36m&lt;main[39m
    [33mclass[39m=[32m&quot;max-w-7xl mx-auto py-6 sm:px-6 lg:px-8&quot;[39m
  [36m/&gt;[39m

  --------------------------------------------------
  searchbox:

  Name &quot;&quot;:
  [36m&lt;input[39m
    [33mclass[39m=[32m&quot;sc-dTvVRJ dqeIDQ&quot;[39m
    [33mname[39m=[32m&quot;search&quot;[39m
    [33mplaceholder[39m=[32m&quot;Enter payment ID&quot;[39m
    [33mrole[39m=[32m&quot;searchbox&quot;[39m
    [33mvalue[39m=[32m&quot;&quot;[39m
  [36m/&gt;[39m

  --------------------------------------------------
  combobox:

  Name &quot;Filter by currency&quot;:
  [36m&lt;select[39m
    [33maria-label[39m=[32m&quot;Filter by currency&quot;[39m
    [33mclass[39m=[32m&quot;sc-jwTyAe jlToPj&quot;[39m
    [33mname[39m=[32m&quot;currencies&quot;[39m
    [33mrole[39m=[32m&quot;combobox&quot;[39m
  [36m/&gt;[39m

  --------------------------------------------------
  option:

  Name &quot;—&quot;:
  [36m&lt;option[39m
    [33mvalue[39m=[32m&quot;&quot;[39m
  [36m/&gt;[39m

  Name &quot;USD&quot;:
  [36m&lt;option[39m
    [33mvalue[39m=[32m&quot;USD&quot;[39m
  [36m/&gt;[39m

  Name &quot;EUR&quot;:
  [36m&lt;option[39m
    [33mvalue[39m=[32m&quot;EUR&quot;[39m
  [36m/&gt;[39m

  Name &quot;GBP&quot;:
  [36m&lt;option[39m
    [33mvalue[39m=[32m&quot;GBP&quot;[39m
  [36m/&gt;[39m

  Name &quot;AUD&quot;:
  [36m&lt;option[39m
    [33mvalue[39m=[32m&quot;AUD&quot;[39m
  [36m/&gt;[39m

  Name &quot;CAD&quot;:
  [36m&lt;option[39m
    [33mvalue[39m=[32m&quot;CAD&quot;[39m
  [36m/&gt;[39m

  Name &quot;ZAR&quot;:
  [36m&lt;option[39m
    [33mvalue[39m=[32m&quot;ZAR&quot;[39m
  [36m/&gt;[39m

  Name &quot;JPY&quot;:
  [36m&lt;option[39m
    [33mvalue[39m=[32m&quot;JPY&quot;[39m
  [36m/&gt;[39m

  Name &quot;CZK&quot;:
  [36m&lt;option[39m
    [33mvalue[39m=[32m&quot;CZK&quot;[39m
  [36m/&gt;[39m

  --------------------------------------------------
  button:

  Name &quot;Search&quot;:
  [36m&lt;button[39m
    [33mclass[39m=[32m&quot;sc-hjsuWn efktLb&quot;[39m
  [36m/&gt;[39m

  --------------------------------------------------

Ignored nodes: comments, script, style
[36m&lt;body&gt;[39m
  [36m&lt;div&gt;[39m
    [36m&lt;div[39m
      [33mclass[39m=[32m&quot;min-h-screen bg-gray-50&quot;[39m
    [36m&gt;[39m
      [36m&lt;header[39m
        [33mclass[39m=[32m&quot;bg-white shadow-sm&quot;[39m
      [36m&gt;[39m
        [36m&lt;div[39m
          [33mclass[39m=[32m&quot;max-w-7xl mx-auto py-6 px-4 sm:px-6 lg:px-8&quot;[39m
        [36m&gt;[39m
          [36m&lt;h1[39m
            [33mclass[39m=[32m&quot;text-3xl font-bold text-gray-900&quot;[39m
          [36m&gt;[39m
            [0mCheckout.com[0m
          [36m&lt;/h1&gt;[39m
        [36m&lt;/div&gt;[39m
      [36m&lt;/header&gt;[39m
      [36m&lt;main[39m
        [33mclass[39m=[32m&quot;max-w-7xl mx-auto py-6 sm:px-6 lg:px-8&quot;[39m
      [36m&gt;[39m
        [36m&lt;div[39m
          [33mclass[39m=[32m&quot;sc-bRKDuR jKQypZ&quot;[39m
        [36m&gt;[39m
          [36m&lt;h2[39m
            [33mclass[39m=[32m&quot;sc-hvigdm fBPVuT&quot;[39m
          [36m&gt;[39m
            [0mAll Payments[0m
          [36m&lt;/h2&gt;[39m
          [36m&lt;input[39m
            [33mclass[39m=[32m&quot;sc-dTvVRJ dqeIDQ&quot;[39m
            [33mname[39m=[32m&quot;search&quot;[39m
            [33mplaceholder[39m=[32m&quot;Enter payment ID&quot;[39m
            [33mrole[39m=[32m&quot;searchbox&quot;[39m
            [33mvalue[39m=[32m&quot;&quot;[39m
          [36m/&gt;[39m
          [36m&lt;select[39m
            [33maria-label[39m=[32m&quot;Filter by currency&quot;[39m
            [33mclass[39m=[32m&quot;sc-jwTyAe jlToPj&quot;[39m
            [33mname[39m=[32m&quot;currencies&quot;[39m
            [33mrole[39m=[32m&quot;combobox&quot;[39m
          [36m&gt;[39m
            [36m&lt;option[39m
              [33mvalue[39m=[32m&quot;&quot;[39m
            [36m&gt;[39m
              [0m—[0m
            [36m&lt;/option&gt;[39m
            [36m&lt;option[39m
              [33mvalue[39m=[32m&quot;USD&quot;[39m
            [36m&gt;[39m
              [0mUSD[0m
            [36m&lt;/option&gt;[39m
            [36m&lt;option[39m
              [33mvalue[39m=[32m&quot;EUR&quot;[39m
            [36m&gt;[39m
              [0mEUR[0m
            [36m&lt;/option&gt;[39m
            [36m&lt;option[39m
              [33mvalue[39m=[32m&quot;GBP&quot;[39m
            [36m&gt;[39m
              [0mGBP[0m
            [36m&lt;/option&gt;[39m
            [36m&lt;option[39m
              [33mvalue[39m=[32m&quot;AUD&quot;[39m
            [36m&gt;[39m
              [0mAUD[0m
            [36m&lt;/option&gt;[39m
            [36m&lt;option[39m
              [33mvalue[39m=[32m&quot;CAD&quot;[39m
            [36m&gt;[39m
              [0mCAD[0m
            [36m&lt;/option&gt;[39m
            [36m&lt;option[39m
              [33mvalue[39m=[32m&quot;ZAR&quot;[39m
            [36m&gt;[39m
              [0mZAR[0m
            [36m&lt;/option&gt;[39m
            [36m&lt;option[39m
              [33mvalue[39m=[32m&quot;JPY&quot;[39m
            [36m&gt;[39m
              [0mJPY[0m
            [36m&lt;/option&gt;[39m
            [36m&lt;option[39m
              [33mvalue[39m=[32m&quot;CZK&quot;[39m
            [36m&gt;[39m
              [0mCZK[0m
            [36m&lt;/option&gt;[39m
          [36m&lt;/select&gt;[39m
          [36m&lt;button[39m
            [33mclass[39m=[32m&quot;sc-hjsuWn efktLb&quot;[39m
          [36m&gt;[39m
            [0mSearch[0m
          [36m&lt;/button&gt;[39m
          [36m&lt;div&gt;[39m
            [0mLoading...[0m
          [36m&lt;/div&gt;[39m
        [36m&lt;/div&gt;[39m
      [36m&lt;/main&gt;[39m
    [36m&lt;/div&gt;[39m
  [36m&lt;/div&gt;[39m
[36m&lt;/body&gt;[39m" type="TestingLibraryElementError">
TestingLibraryElementError: Unable to find an accessible element with the role &quot;table&quot;

Here are the accessible roles:

  banner:

  Name &quot;&quot;:
  &lt;header
    class=&quot;bg-white shadow-sm&quot;
  /&gt;

  --------------------------------------------------
  heading:

  Name &quot;Checkout.com&quot;:
  &lt;h1
    class=&quot;text-3xl font-bold text-gray-900&quot;
  /&gt;

  Name &quot;All Payments&quot;:
  &lt;h2
    class=&quot;sc-hvigdm fBPVuT&quot;
  /&gt;

  --------------------------------------------------
  main:

  Name &quot;&quot;:
  &lt;main
    class=&quot;max-w-7xl mx-auto py-6 sm:px-6 lg:px-8&quot;
  /&gt;

  --------------------------------------------------
  searchbox:

  Name &quot;&quot;:
  &lt;input
    class=&quot;sc-dTvVRJ dqeIDQ&quot;
    name=&quot;search&quot;
    placeholder=&quot;Enter payment ID&quot;
    role=&quot;searchbox&quot;
    value=&quot;&quot;
  /&gt;

  --------------------------------------------------
  combobox:

  Name &quot;Filter by currency&quot;:
  &lt;select
    aria-label=&quot;Filter by currency&quot;
    class=&quot;sc-jwTyAe jlToPj&quot;
    name=&quot;currencies&quot;
    role=&quot;combobox&quot;
  /&gt;

  --------------------------------------------------
  option:

  Name &quot;—&quot;:
  &lt;option
    value=&quot;&quot;
  /&gt;

  Name &quot;USD&quot;:
  &lt;option
    value=&quot;USD&quot;
  /&gt;

  Name &quot;EUR&quot;:
  &lt;option
    value=&quot;EUR&quot;
  /&gt;

  Name &quot;GBP&quot;:
  &lt;option
    value=&quot;GBP&quot;
  /&gt;

  Name &quot;AUD&quot;:
  &lt;option
    value=&quot;AUD&quot;
  /&gt;

  Name &quot;CAD&quot;:
  &lt;option
    value=&quot;CAD&quot;
  /&gt;

  Name &quot;ZAR&quot;:
  &lt;option
    value=&quot;ZAR&quot;
  /&gt;

  Name &quot;JPY&quot;:
  &lt;option
    value=&quot;JPY&quot;
  /&gt;

  Name &quot;CZK&quot;:
  &lt;option
    value=&quot;CZK&quot;
  /&gt;

  --------------------------------------------------
  button:

  Name &quot;Search&quot;:
  &lt;button
    class=&quot;sc-hjsuWn efktLb&quot;
  /&gt;

  --------------------------------------------------

Ignored nodes: comments, script, style
&lt;body&gt;
  &lt;div&gt;
    &lt;div
      class=&quot;min-h-screen bg-gray-50&quot;
    &gt;
      &lt;header
        class=&quot;bg-white shadow-sm&quot;
      &gt;
        &lt;div
          class=&quot;max-w-7xl mx-auto py-6 px-4 sm:px-6 lg:px-8&quot;
        &gt;
          &lt;h1
            class=&quot;text-3xl font-bold text-gray-900&quot;
          &gt;
            Checkout.com
          &lt;/h1&gt;
        &lt;/div&gt;
      &lt;/header&gt;
      &lt;main
        class=&quot;max-w-7xl mx-auto py-6 sm:px-6 lg:px-8&quot;
      &gt;
        &lt;div
          class=&quot;sc-bRKDuR jKQypZ&quot;
        &gt;
          &lt;h2
            class=&quot;sc-hvigdm fBPVuT&quot;
          &gt;
            All Payments
          &lt;/h2&gt;
          &lt;input
            class=&quot;sc-dTvVRJ dqeIDQ&quot;
            name=&quot;search&quot;
            placeholder=&quot;Enter payment ID&quot;
            role=&quot;searchbox&quot;
            value=&quot;&quot;
          /&gt;
          &lt;select
            aria-label=&quot;Filter by currency&quot;
            class=&quot;sc-jwTyAe jlToPj&quot;
            name=&quot;currencies&quot;
            role=&quot;combobox&quot;
          &gt;
            &lt;option
              value=&quot;&quot;
            &gt;
              —
            &lt;/option&gt;
            &lt;option
              value=&quot;USD&quot;
            &gt;
              USD
            &lt;/option&gt;
            &lt;option
              value=&quot;EUR&quot;
            &gt;
              EUR
            &lt;/option&gt;
            &lt;option
              value=&quot;GBP&quot;
            &gt;
              GBP
            &lt;/option&gt;
            &lt;option
              value=&quot;AUD&quot;
            &gt;
              AUD
            &lt;/option&gt;
            &lt;option
              value=&quot;CAD&quot;
            &gt;
              CAD
            &lt;/option&gt;
            &lt;option
              value=&quot;ZAR&quot;
            &gt;
              ZAR
            &lt;/option&gt;
            &lt;option
              value=&quot;JPY&quot;
            &gt;
              JPY
            &lt;/option&gt;
            &lt;option
              value=&quot;CZK&quot;
            &gt;
              CZK
            &lt;/option&gt;
          &lt;/select&gt;
          &lt;button
            class=&quot;sc-hjsuWn efktLb&quot;
          &gt;
            Search
          &lt;/button&gt;
          &lt;div&gt;
            Loading...
          &lt;/div&gt;
        &lt;/div&gt;
      &lt;/main&gt;
    &lt;/div&gt;
  &lt;/div&gt;
&lt;/body&gt;
 ❯ Object.getElementError node_modules/@testing-library/dom/dist/config.js:37:19
 ❯ node_modules/@testing-library/dom/dist/query-helpers.js:76:38
 ❯ node_modules/@testing-library/dom/dist/query-helpers.js:52:17
 ❯ node_modules/@testing-library/dom/dist/query-helpers.js:95:19
 ❯ src/App.test.tsx:293:26
            </failure>
        </testcase>
        <testcase classname="src/App.test.tsx" name="App - Step 8: Pagination &gt; should display pagination controls" time="0">
            <skipped/>
        </testcase>
        <testcase classname="src/App.test.tsx" name="App - Step 8: Pagination &gt; should display current page number" time="0">
            <skipped/>
        </testcase>
        <testcase classname="src/App.test.tsx" name="App - Step 8: Pagination &gt; should disable previous button on first page" time="0">
            <skipped/>
        </testcase>
        <testcase classname="src/App.test.tsx" name="App - Step 8: Pagination &gt; should enable previous button after navigating to next page" time="0">
            <skipped/>
        </testcase>
        <testcase classname="src/App.test.tsx" name="App - Step 8: Pagination &gt; should show different payments on next page" time="0">
            <skipped/>
        </testcase>
        <testcase classname="src/App.test.tsx" name="App - Step 8: Pagination &gt; should navigate back to previous page" time="0">
            <skipped/>
        </testcase>
    </testsuite>
</testsuites>
